<html>
<body>
<pre>
<h1>µVision Build Log</h1>
<h2>Tool Versions:</h2>
IDE-Version: ¦ÌVision V5.23.0.0
Copyright (C) 2017 ARM Ltd and ARM Germany GmbH. All rights reserved.
License Information: ll Administrator, l, LIC=6XJCX-H5C5I-8VA1H-WJJ52-3BTKD-BCEKE
 
Tool Versions:
Toolchain:       MDK-ARM Professional  Version: 5.23
Toolchain Path:  D:\Software\Keil5\ARM\ARMCC\Bin
C Compiler:      Armcc.exe V5.06 update 4 (build 422)
Assembler:       Armasm.exe V5.06 update 4 (build 422)
Linker/Locator:  ArmLink.exe V5.06 update 4 (build 422)
Library Manager: ArmAr.exe V5.06 update 4 (build 422)
Hex Converter:   FromElf.exe V5.06 update 4 (build 422)
CPU DLL:         SARMCM3.DLL V5.23
Dialog DLL:      DCM.DLL V1.15.0.0
Target DLL:      Segger\JL2CM3.dll V2.99.23.0
Dialog DLL:      TCM.DLL V1.27.0.0
 
<h2>Project:</h2>
C:\Users\Administrator\Desktop\RM2017-Infantry-vehicle-program-F405--F427\RM2016_INFANTRY_OPEN_SOURCEV.1.6.4---1ºÅ³µ\RM2016 Infantry.uvproj
Project File Date:  03/23/2017

<h2>Output:</h2>
*** Using Compiler 'V5.06 update 4 (build 422)', folder: 'D:\Software\Keil5\ARM\ARMCC\Bin'
Build target 'Target 1'
compiling led.c...
compiling delay.c...
compiling can2.c...
compiling bsp.c...
compiling exti.c...
compiling can1.c...
compiling main.c...
compiling laser.c...
compiling mpu6050_i2c.c...
compiling timer.c...
compiling encoder.c...
compiling usart1.c...
BSP\usart1.c(17): warning:  #177-D: variable "rc_raw_data"  was declared but never referenced
  static RC_Raw_t rc_raw_data;	 //remote raw data 
BSP\usart1.c: 1 warning, 0 errors
compiling usart3.c...
compiling imu.c...
compiling CanBusTask.c...
compiling IOTask.c...
compiling mpu6050_interrupt.c...
compiling SuperviseTask.c...
compiling ControlTask.c...
compiling mpu6050_driver.c...
compiling RemoteTask.c...
linking...
Program Size: Code=40936 RO-data=1520 RW-data=1520 ZI-data=6960  
After Build - User command #1: fromelf.exe  --bin -o ./bin/RM2016_Infantry.bin ./Outputs/RM2016_Infantry.axf
".\Outputs\RM2016_Infantry.axf" - 0 Error(s), 1 Warning(s).
Build Time Elapsed:  00:00:06
</pre>
</body>
</html>
